// @zod-version: v3
// @typecheck
export type Comment = {
  Text: string,
  Timestamp: Date,
  Reply: Comment | null,
}
const CommentSchemaShape = {
  Text: z.string(),
  Timestamp: z.coerce.date(),
  Reply: z.lazy(() => CommentSchema).nullable(),
}
export const CommentSchema: z.ZodType<Comment> = z.object(CommentSchemaShape)

export const ArticleSchema = z.object({
  ...CommentSchemaShape,
  Title: z.string(),
})
export type Article = z.infer<typeof ArticleSchema>

