// @zod-version: v4
// @typecheck
export const PayloadSchema = z.object({
  Email: z.string().check(z.email()),
  Link: z.string().check(z.httpUrl()),
  Base64: z.string().check(z.base64()),
  ID: z.string().check(z.uuid({ version: "v4" })),
  Checksum: z.string().check(z.hash("md5")),
})
export type Payload = z.infer<typeof PayloadSchema>

