// @zod-version: v3
// @typecheck
export const HasIDSchema = z.object({
  ID: z.string(),
})
export type HasID = z.infer<typeof HasIDSchema>

export const HasNameSchema = z.object({
  name: z.string(),
})
export type HasName = z.infer<typeof HasNameSchema>

export const UserSchema = z.object({
  Tags: z.string().array().nullable(),
}).merge(HasIDSchema).merge(HasNameSchema)
export type User = z.infer<typeof UserSchema>

