// @typecheck
export const StringIntPairSchema = z.object({
  First: z.string(),
  Second: z.number(),
})
export type StringIntPair = z.infer<typeof StringIntPairSchema>

export const GenericPairIntBoolSchema = z.object({
  First: z.number(),
  Second: z.boolean(),
})
export type GenericPairIntBool = z.infer<typeof GenericPairIntBoolSchema>

export const PairMapStringIntBoolSchema = z.object({
  items: z.record(z.string(), GenericPairIntBoolSchema).nullable(),
})
export type PairMapStringIntBool = z.infer<typeof PairMapStringIntBoolSchema>

