export const UserSchema = z.object({
  Name: z.string().min(1),
  PtrMapOptionalNullable1: z.record(z.string(), z.any()).optional().nullable(),
  PtrMapOptionalNullable2: z.record(z.string(), z.any()).refine((val) => Object.keys(val).length >= 2, 'Map too small').refine((val) => Object.keys(val).length <= 5, 'Map too large').optional().nullable(),
  PtrMap1: z.record(z.string(), z.any()).refine((val) => Object.keys(val).length >= 2, 'Map too small').refine((val) => Object.keys(val).length <= 5, 'Map too large'),
  PtrMap2: z.record(z.string(), z.any()).refine((val) => Object.keys(val).length >= 2, 'Map too small').refine((val) => Object.keys(val).length <= 5, 'Map too large'),
  PtrMapNullable: z.record(z.string(), z.any()).refine((val) => Object.keys(val).length >= 2, 'Map too small').refine((val) => Object.keys(val).length <= 5, 'Map too large').nullable(),
  MapOptional1: z.record(z.string(), z.any()).optional(),
  MapOptional2: z.record(z.string(), z.any()).refine((val) => Object.keys(val).length >= 2, 'Map too small').refine((val) => Object.keys(val).length <= 5, 'Map too large').optional(),
  Map1: z.record(z.string(), z.any()).refine((val) => Object.keys(val).length >= 2, 'Map too small').refine((val) => Object.keys(val).length <= 5, 'Map too large'),
  Map2: z.record(z.string(), z.any()).refine((val) => Object.keys(val).length >= 2, 'Map too small').refine((val) => Object.keys(val).length <= 5, 'Map too large'),
  MapNullable: z.record(z.string(), z.any()).refine((val) => Object.keys(val).length >= 2, 'Map too small').refine((val) => Object.keys(val).length <= 5, 'Map too large').nullable(),
  PtrSliceOptionalNullable1: z.string().array().optional().nullable(),
  PtrSliceOptionalNullable2: z.string().array().min(2).max(5).optional().nullable(),
  PtrSlice1: z.string().array().min(2).max(5),
  PtrSlice2: z.string().array().min(2).max(5),
  PtrSliceNullable: z.string().array().min(2).max(5).nullable(),
  SliceOptional1: z.string().array().optional(),
  SliceOptional2: z.string().array().min(2).max(5).optional(),
  Slice1: z.string().array().min(2).max(5),
  Slice2: z.string().array().min(2).max(5),
  SliceNullable: z.string().array().min(2).max(5).nullable(),
  PtrIntOptional1: z.number().optional(),
  PtrIntOptional2: z.number().gte(2).lte(5).optional(),
  PtrInt1: z.number().gte(2).lte(5),
  PtrInt2: z.number().gte(2).lte(5),
  PtrIntNullable: z.number().gte(2).lte(5).nullable(),
  PtrStringOptional1: z.string().optional(),
  PtrStringOptional2: z.string().refine((val) => [...val].length >= 2, 'String must contain at least 2 character(s)').refine((val) => [...val].length <= 5, 'String must contain at most 5 character(s)').optional(),
  PtrString1: z.string().refine((val) => [...val].length >= 2, 'String must contain at least 2 character(s)').refine((val) => [...val].length <= 5, 'String must contain at most 5 character(s)'),
  PtrString2: z.string().refine((val) => [...val].length >= 2, 'String must contain at least 2 character(s)').refine((val) => [...val].length <= 5, 'String must contain at most 5 character(s)'),
  PtrStringNullable: z.string().refine((val) => [...val].length >= 2, 'String must contain at least 2 character(s)').refine((val) => [...val].length <= 5, 'String must contain at most 5 character(s)').nullable(),
})
export type User = z.infer<typeof UserSchema>

