// @typecheck
export const PostSchema = z.object({
  Title: z.string(),
})
export type Post = z.infer<typeof PostSchema>

export const PostWithMetaDataSchema = z.object({
  Title: z.string(),
  Post: PostSchema,
})
export type PostWithMetaData = z.infer<typeof PostWithMetaDataSchema>

export const UserSchema = z.object({
  Name: z.string(),
  Nickname: z.string().nullable(),
  Age: z.number(),
  Height: z.number(),
  OldPostWithMetaData: PostWithMetaDataSchema,
  Tags: z.string().array().nullable(),
  TagsOptional: z.string().array().optional(),
  TagsOptionalNullable: z.string().array().optional().nullable(),
  Favourites: z.object({
    Name: z.string(),
  }).array().nullable(),
  Posts: PostSchema.array().nullable(),
  Post: PostSchema,
  PostOptional: PostSchema.optional(),
  PostOptionalNullable: PostSchema.optional().nullable(),
  Metadata: z.record(z.string(), z.string()).nullable(),
  MetadataOptional: z.record(z.string(), z.string()).optional(),
  MetadataOptionalNullable: z.record(z.string(), z.string()).optional().nullable(),
  ExtendedProps: z.any(),
  ExtendedPropsOptional: z.any(),
  ExtendedPropsNullable: z.any(),
  ExtendedPropsOptionalNullable: z.any(),
  ExtendedPropsVeryIndirect: z.any(),
  NewPostWithMetaData: PostWithMetaDataSchema,
  VeryNewPost: PostSchema,
  MapWithStruct: z.record(z.string(), PostWithMetaDataSchema).nullable(),
})
export type User = z.infer<typeof UserSchema>

